data/breakfast-at-the-frat/subsets/incomplete/31254742725-27175-incomplete.csv
"WEEK_END_DATE","STORE_NUM","UPC","UNITS","VISITS","HHS","SPEND","PRICE","BASE_PRICE","FEATURE","DISPLAY","TPR_ONLY","WEEK_END_DATE_2","YEAR","MONTH","DAY_OF_MONTH","ABS_DISCOUNT","REL_DISCOUNT"
"14-01-2009",27175,31254742725,2,2,2,9.18,4.59,4.59,0,0,0,2009-01-14,2009,1,14,0,0
"21-01-2009",27175,31254742725,5,5,5,22.95,4.59,4.59,0,0,0,2009-01-21,2009,1,21,0,0
"28-01-2009",27175,31254742725,2,2,2,9.18,4.59,4.59,0,0,0,2009-01-28,2009,1,28,0,0
"04-02-2009",27175,31254742725,3,2,2,13.77,4.59,4.59,0,0,0,2009-02-04,2009,2,4,0,0
"11-02-2009",27175,31254742725,5,4,4,22.95,4.59,4.59,0,0,0,2009-02-11,2009,2,11,0,0
"18-02-2009",27175,31254742725,2,2,2,9.18,4.59,4.59,0,0,0,2009-02-18,2009,2,18,0,0
"25-02-2009",27175,31254742725,5,4,4,22.95,4.59,4.59,0,0,0,2009-02-25,2009,2,25,0,0
"04-03-2009",27175,31254742725,6,6,6,27.54,4.59,4.59,0,0,0,2009-03-04,2009,3,4,0,0
"11-03-2009",27175,31254742725,4,3,3,18.36,4.59,4.59,0,0,0,2009-03-11,2009,3,11,0,0
"18-03-2009",27175,31254742725,5,4,4,22.95,4.59,4.59,0,0,0,2009-03-18,2009,3,18,0,0
"25-03-2009",27175,31254742725,3,3,3,13.77,4.59,4.59,0,0,0,2009-03-25,2009,3,25,0,0
"01-04-2009",27175,31254742725,5,4,4,22.95,4.59,4.59,0,0,0,2009-04-01,2009,4,1,0,0
"08-04-2009",27175,31254742725,2,2,2,9.18,4.59,4.59,0,0,0,2009-04-08,2009,4,8,0,0
"15-04-2009",27175,31254742725,2,2,2,9.18,4.59,4.59,0,0,0,2009-04-15,2009,4,15,0,0
"22-04-2009",27175,31254742725,3,3,3,13.77,4.59,4.59,0,0,0,2009-04-22,2009,4,22,0,0
"29-04-2009",27175,31254742725,4,4,4,18.36,4.59,4.59,0,0,0,2009-04-29,2009,4,29,0,0
"06-05-2009",27175,31254742725,7,6,6,32.13,4.59,4.59,0,0,0,2009-05-06,2009,5,6,0,0
"13-05-2009",27175,31254742725,4,4,4,18.36,4.59,4.59,0,0,0,2009-05-13,2009,5,13,0,0
"20-05-2009",27175,31254742725,3,2,2,13.77,4.59,4.59,0,0,0,2009-05-20,2009,5,20,0,0
"27-05-2009",27175,31254742725,1,1,1,4.59,4.59,4.59,0,0,0,2009-05-27,2009,5,27,0,0
"03-06-2009",27175,31254742725,7,7,7,32.13,4.59,4.59,0,0,0,2009-06-03,2009,6,3,0,0
"10-06-2009",27175,31254742725,1,1,1,4.59,4.59,4.59,0,0,0,2009-06-10,2009,6,10,0,0
"17-06-2009",27175,31254742725,3,3,3,13.77,4.59,4.59,0,0,0,2009-06-17,2009,6,17,0,0
"24-06-2009",27175,31254742725,6,5,5,27.54,4.59,4.59,0,0,0,2009-06-24,2009,6,24,0,0
"01-07-2009",27175,31254742725,4,4,4,18.36,4.59,4.59,0,0,0,2009-07-01,2009,7,1,0,0
"08-07-2009",27175,31254742725,1,1,1,4.59,4.59,4.59,0,0,0,2009-07-08,2009,7,8,0,0
"15-07-2009",27175,31254742725,2,2,2,7.58,3.79,4.59,0,0,1,2009-07-15,2009,7,15,-0.8,-0.174291938997821
"22-07-2009",27175,31254742725,15,12,11,46.5,3.1,4.59,1,0,0,2009-07-22,2009,7,22,-1.49,-0.324618736383442
"29-07-2009",27175,31254742725,14,13,12,41.86,2.99,4.59,0,1,0,2009-07-29,2009,7,29,-1.6,-0.348583877995643
"05-08-2009",27175,31254742725,9,8,8,26.91,2.99,4.59,0,1,0,2009-08-05,2009,8,5,-1.6,-0.348583877995643
"12-08-2009",27175,31254742725,7,7,7,22.54,3.22,4.59,0,1,0,2009-08-12,2009,8,12,-1.37,-0.298474945533769
"19-08-2009",27175,31254742725,4,4,4,18.36,4.59,4.59,0,0,0,2009-08-19,2009,8,19,0,0
"26-08-2009",27175,31254742725,1,1,1,4.59,4.59,4.59,0,0,0,2009-08-26,2009,8,26,0,0
"02-09-2009",27175,31254742725,2,2,2,9.18,4.59,4.59,0,0,0,2009-09-02,2009,9,2,0,0
"09-09-2009",27175,31254742725,1,1,1,4.59,4.59,4.59,0,0,0,2009-09-09,2009,9,9,0,0
"16-09-2009",27175,31254742725,4,4,4,18.36,4.59,4.59,0,0,0,2009-09-16,2009,9,16,0,0
"23-09-2009",27175,31254742725,6,6,6,27.54,4.59,4.59,0,0,0,2009-09-23,2009,9,23,0,0
"30-09-2009",27175,31254742725,2,2,2,9.18,4.59,4.59,0,0,0,2009-09-30,2009,9,30,0,0
"07-10-2009",27175,31254742725,1,1,1,4.59,4.59,4.59,0,0,0,2009-10-07,2009,10,7,0,0
"14-10-2009",27175,31254742725,7,7,7,32.13,4.59,4.59,0,0,0,2009-10-14,2009,10,14,0,0
"21-10-2009",27175,31254742725,3,3,3,13.77,4.59,4.59,0,0,0,2009-10-21,2009,10,21,0,0
"28-10-2009",27175,31254742725,7,7,6,32.13,4.59,4.59,0,0,0,2009-10-28,2009,10,28,0,0
"04-11-2009",27175,31254742725,3,3,3,13.77,4.59,4.59,0,0,0,2009-11-04,2009,11,4,0,0
"11-11-2009",27175,31254742725,4,4,4,20.56,5.14,5.14,0,0,0,2009-11-11,2009,11,11,0,0
"18-11-2009",27175,31254742725,5,5,5,16.55,3.31,5.14,1,1,0,2009-11-18,2009,11,18,-1.83,-0.356031128404669
"25-11-2009",27175,31254742725,7,7,7,22.54,3.22,5.14,0,1,0,2009-11-25,2009,11,25,-1.92,-0.373540856031128
"02-12-2009",27175,31254742725,8,8,8,23.92,2.99,5.14,0,1,0,2009-12-02,2009,12,2,-2.15,-0.418287937743191
"09-12-2009",27175,31254742725,11,11,10,32.89,2.99,5.14,0,0,1,2009-12-09,2009,12,9,-2.15,-0.418287937743191
"16-12-2009",27175,31254742725,6,4,4,27.54,4.59,5.14,0,1,0,2009-12-16,2009,12,16,-0.55,-0.107003891050584
"23-12-2009",27175,31254742725,8,5,5,36.72,4.59,5.14,0,1,0,2009-12-23,2009,12,23,-0.55,-0.107003891050584
"30-12-2009",27175,31254742725,2,2,2,9.18,4.59,5.14,0,1,0,2009-12-30,2009,12,30,-0.55,-0.107003891050584
"13-01-2010",27175,31254742725,2,2,2,9.18,4.59,5.14,0,0,1,2010-01-13,2010,1,13,-0.55,-0.107003891050584
"20-01-2010",27175,31254742725,2,2,2,9.18,4.59,5.14,0,0,1,2010-01-20,2010,1,20,-0.55,-0.107003891050584
"03-02-2010",27175,31254742725,4,3,3,18.36,4.59,5.14,0,0,1,2010-02-03,2010,2,3,-0.55,-0.107003891050584
"17-02-2010",27175,31254742725,2,2,2,9.18,4.59,5.14,0,0,1,2010-02-17,2010,2,17,-0.55,-0.107003891050584
"03-03-2010",27175,31254742725,4,4,4,18.36,4.59,5.14,0,0,1,2010-03-03,2010,3,3,-0.55,-0.107003891050584
"10-03-2010",27175,31254742725,1,1,1,4.59,4.59,4.59,0,0,0,2010-03-10,2010,3,10,0,0
"17-03-2010",27175,31254742725,2,2,2,8.12,4.06,4.59,0,0,1,2010-03-17,2010,3,17,-0.53,-0.115468409586057
"24-03-2010",27175,31254742725,15,13,13,44.4,2.96,4.59,1,0,0,2010-03-24,2010,3,24,-1.63,-0.355119825708061
"31-03-2010",27175,31254742725,24,15,14,71.76,2.99,4.59,1,0,0,2010-03-31,2010,3,31,-1.6,-0.348583877995643
"07-04-2010",27175,31254742725,5,5,5,22.95,4.59,4.59,0,0,0,2010-04-07,2010,4,7,0,0
"14-04-2010",27175,31254742725,3,3,3,13.77,4.59,4.59,0,0,0,2010-04-14,2010,4,14,0,0
"21-04-2010",27175,31254742725,7,6,6,32.13,4.59,4.59,0,0,0,2010-04-21,2010,4,21,0,0
"28-04-2010",27175,31254742725,2,3,3,9.18,4.59,4.59,0,0,0,2010-04-28,2010,4,28,0,0
"05-05-2010",27175,31254742725,8,6,6,36.72,4.59,4.59,0,0,0,2010-05-05,2010,5,5,0,0
"12-05-2010",27175,31254742725,4,4,4,18.36,4.59,4.59,0,0,0,2010-05-12,2010,5,12,0,0
"19-05-2010",27175,31254742725,2,2,2,9.18,4.59,4.59,0,0,0,2010-05-19,2010,5,19,0,0
"26-05-2010",27175,31254742725,3,2,2,13.77,4.59,4.59,0,0,0,2010-05-26,2010,5,26,0,0
"09-06-2010",27175,31254742725,3,3,3,13.77,4.59,4.59,0,0,0,2010-06-09,2010,6,9,0,0
"16-06-2010",27175,31254742725,3,2,2,13.77,4.59,4.59,0,0,0,2010-06-16,2010,6,16,0,0
"23-06-2010",27175,31254742725,2,2,2,9.18,4.59,4.59,0,0,0,2010-06-23,2010,6,23,0,0
"30-06-2010",27175,31254742725,5,5,5,22.95,4.59,4.59,0,0,0,2010-06-30,2010,6,30,0,0
"07-07-2010",27175,31254742725,8,5,5,36.72,4.59,4.59,0,0,0,2010-07-07,2010,7,7,0,0
"14-07-2010",27175,31254742725,4,4,4,18.36,4.59,4.59,0,0,0,2010-07-14,2010,7,14,0,0
"21-07-2010",27175,31254742725,21,14,14,63,3,4.59,1,0,0,2010-07-21,2010,7,21,-1.59,-0.34640522875817
"28-07-2010",27175,31254742725,23,12,8,69,3,4.59,0,0,1,2010-07-28,2010,7,28,-1.59,-0.34640522875817
"04-08-2010",27175,31254742725,8,7,7,24,3,4.59,0,0,1,2010-08-04,2010,8,4,-1.59,-0.34640522875817
"11-08-2010",27175,31254742725,11,11,11,33,3,4.59,0,0,1,2010-08-11,2010,8,11,-1.59,-0.34640522875817
"18-08-2010",27175,31254742725,6,5,5,27.54,4.59,4.59,0,0,0,2010-08-18,2010,8,18,0,0
"25-08-2010",27175,31254742725,3,3,3,13.77,4.59,4.59,0,0,0,2010-08-25,2010,8,25,0,0
"01-09-2010",27175,31254742725,3,3,3,13.77,4.59,4.59,0,0,0,2010-09-01,2010,9,1,0,0
"08-09-2010",27175,31254742725,5,5,5,22.95,4.59,4.59,0,0,0,2010-09-08,2010,9,8,0,0
"15-09-2010",27175,31254742725,2,2,2,9.18,4.59,4.59,0,0,0,2010-09-15,2010,9,15,0,0
"22-09-2010",27175,31254742725,2,2,2,9.18,4.59,4.59,0,0,0,2010-09-22,2010,9,22,0,0
"29-09-2010",27175,31254742725,1,1,1,4.59,4.59,4.59,0,0,0,2010-09-29,2010,9,29,0,0
"13-10-2010",27175,31254742725,1,1,1,4.59,4.59,4.59,0,0,0,2010-10-13,2010,10,13,0,0
"20-10-2010",27175,31254742725,6,5,5,27.54,4.59,4.59,0,0,0,2010-10-20,2010,10,20,0,0
"27-10-2010",27175,31254742725,3,3,3,13.77,4.59,4.59,0,0,0,2010-10-27,2010,10,27,0,0
"03-11-2010",27175,31254742725,8,7,7,36.72,4.59,4.59,0,0,0,2010-11-03,2010,11,3,0,0
"10-11-2010",27175,31254742725,2,2,2,6,3,4.59,0,0,1,2010-11-10,2010,11,10,-1.59,-0.34640522875817
"17-11-2010",27175,31254742725,7,7,7,21,3,4.59,0,0,1,2010-11-17,2010,11,17,-1.59,-0.34640522875817
"24-11-2010",27175,31254742725,5,5,5,12,2.4,4.59,0,0,1,2010-11-24,2010,11,24,-2.19,-0.477124183006536
"01-12-2010",27175,31254742725,6,6,6,18,3,4.59,0,0,1,2010-12-01,2010,12,1,-1.59,-0.34640522875817
"08-12-2010",27175,31254742725,2,2,2,9.18,4.59,4.59,0,0,0,2010-12-08,2010,12,8,0,0
"15-12-2010",27175,31254742725,4,4,4,18.36,4.59,4.59,0,0,0,2010-12-15,2010,12,15,0,0
"22-12-2010",27175,31254742725,1,1,1,4.59,4.59,4.59,0,0,0,2010-12-22,2010,12,22,0,0
"12-01-2011",27175,31254742725,4,4,4,18.36,4.59,4.59,0,0,0,2011-01-12,2011,1,12,0,0
"26-01-2011",27175,31254742725,4,4,4,18.36,4.59,4.59,0,0,0,2011-01-26,2011,1,26,0,0
"02-02-2011",27175,31254742725,14,11,11,42,3,4.59,0,0,1,2011-02-02,2011,2,2,-1.59,-0.34640522875817
"09-02-2011",27175,31254742725,8,7,7,25.6,3.2,4.59,0,0,1,2011-02-09,2011,2,9,-1.39,-0.302832244008715
"16-02-2011",27175,31254742725,1,1,1,4.59,4.59,4.59,0,0,0,2011-02-16,2011,2,16,0,0
"23-02-2011",27175,31254742725,4,4,4,18.36,4.59,4.59,0,0,0,2011-02-23,2011,2,23,0,0
"02-03-2011",27175,31254742725,2,2,2,9.18,4.59,4.59,0,0,0,2011-03-02,2011,3,2,0,0
"09-03-2011",27175,31254742725,3,3,3,13.77,4.59,4.59,0,0,0,2011-03-09,2011,3,9,0,0
"16-03-2011",27175,31254742725,2,2,2,9.18,4.59,4.59,0,0,0,2011-03-16,2011,3,16,0,0
"23-03-2011",27175,31254742725,5,5,4,22.95,4.59,4.59,0,0,0,2011-03-23,2011,3,23,0,0
"30-03-2011",27175,31254742725,1,1,1,4.59,4.59,4.59,0,0,0,2011-03-30,2011,3,30,0,0
"06-04-2011",27175,31254742725,1,1,1,4.59,4.59,4.59,0,0,0,2011-04-06,2011,4,6,0,0
"13-04-2011",27175,31254742725,3,3,3,13.77,4.59,4.59,0,0,0,2011-04-13,2011,4,13,0,0
"20-04-2011",27175,31254742725,2,2,2,9.18,4.59,4.59,0,0,0,2011-04-20,2011,4,20,0,0
"27-04-2011",27175,31254742725,6,6,6,22.08,3.68,4.59,1,0,0,2011-04-27,2011,4,27,-0.91,-0.198257080610022
"04-05-2011",27175,31254742725,5,5,5,17.5,3.5,4.59,0,1,0,2011-05-04,2011,5,4,-1.09,-0.237472766884532
"11-05-2011",27175,31254742725,1,1,1,3.5,3.5,4.59,0,0,1,2011-05-11,2011,5,11,-1.09,-0.237472766884532
"18-05-2011",27175,31254742725,1,1,1,3.62,3.62,4.59,0,0,1,2011-05-18,2011,5,18,-0.97,-0.211328976034858
"25-05-2011",27175,31254742725,3,3,3,12.18,4.06,4.59,0,0,1,2011-05-25,2011,5,25,-0.53,-0.115468409586057
"01-06-2011",27175,31254742725,2,2,2,9.18,4.59,4.59,0,0,0,2011-06-01,2011,6,1,0,0
"08-06-2011",27175,31254742725,3,3,3,13.77,4.59,4.59,0,0,0,2011-06-08,2011,6,8,0,0
"15-06-2011",27175,31254742725,2,2,2,9.18,4.59,4.59,0,0,0,2011-06-15,2011,6,15,0,0
"22-06-2011",27175,31254742725,1,1,1,4.59,4.59,4.59,0,0,0,2011-06-22,2011,6,22,0,0
"29-06-2011",27175,31254742725,3,3,3,13.77,4.59,4.59,0,0,0,2011-06-29,2011,6,29,0,0
"06-07-2011",27175,31254742725,7,7,7,32.13,4.59,4.59,0,0,0,2011-07-06,2011,7,6,0,0
"13-07-2011",27175,31254742725,4,4,4,18.36,4.59,4.59,0,0,0,2011-07-13,2011,7,13,0,0
"20-07-2011",27175,31254742725,8,8,8,21.92,2.74,4.59,0,0,1,2011-07-20,2011,7,20,-1.85,-0.403050108932462
"27-07-2011",27175,31254742725,11,11,9,35.64,3.24,4.59,0,0,1,2011-07-27,2011,7,27,-1.35,-0.294117647058823
"03-08-2011",27175,31254742725,13,12,11,40.43,3.11,4.59,0,0,1,2011-08-03,2011,8,3,-1.48,-0.32244008714597
"10-08-2011",27175,31254742725,7,7,7,22.54,3.22,4.59,0,0,1,2011-08-10,2011,8,10,-1.37,-0.298474945533769
"17-08-2011",27175,31254742725,1,1,1,4.59,4.59,4.59,0,0,0,2011-08-17,2011,8,17,0,0
"24-08-2011",27175,31254742725,4,4,4,18.36,4.59,4.59,0,0,0,2011-08-24,2011,8,24,0,0
"31-08-2011",27175,31254742725,3,3,3,13.77,4.59,4.59,0,0,0,2011-08-31,2011,8,31,0,0
"07-09-2011",27175,31254742725,2,2,2,9.18,4.59,4.59,0,0,0,2011-09-07,2011,9,7,0,0
"14-09-2011",27175,31254742725,1,1,1,4.11,4.11,4.59,0,0,1,2011-09-14,2011,9,14,-0.48,-0.104575163398693
"21-09-2011",27175,31254742725,2,2,2,8.22,4.11,4.59,0,0,1,2011-09-21,2011,9,21,-0.48,-0.104575163398693
"28-09-2011",27175,31254742725,6,4,4,25.14,4.19,4.19,0,0,0,2011-09-28,2011,9,28,0,0
"05-10-2011",27175,31254742725,4,4,4,18.36,4.59,4.59,0,0,0,2011-10-05,2011,10,5,0,0
"12-10-2011",27175,31254742725,4,4,4,18.36,4.59,4.59,0,0,0,2011-10-12,2011,10,12,0,0
"19-10-2011",27175,31254742725,5,4,4,22.95,4.59,4.59,0,0,0,2011-10-19,2011,10,19,0,0
"26-10-2011",27175,31254742725,8,6,5,36.72,4.59,4.59,0,0,0,2011-10-26,2011,10,26,0,0
"02-11-2011",27175,31254742725,5,5,5,22.95,4.59,4.59,0,0,0,2011-11-02,2011,11,2,0,0
"09-11-2011",27175,31254742725,4,4,4,18.36,4.59,4.59,0,0,0,2011-11-09,2011,11,9,0,0
"16-11-2011",27175,31254742725,4,4,4,18.36,4.59,4.59,0,0,0,2011-11-16,2011,11,16,0,0
"30-11-2011",27175,31254742725,5,5,5,22.95,4.59,4.59,0,0,0,2011-11-30,2011,11,30,0,0
"07-12-2011",27175,31254742725,3,3,3,13.77,4.59,4.59,0,0,0,2011-12-07,2011,12,7,0,0
"14-12-2011",27175,31254742725,1,1,1,4.59,4.59,4.59,0,0,0,2011-12-14,2011,12,14,0,0
"21-12-2011",27175,31254742725,5,5,4,22.95,4.59,4.59,0,0,0,2011-12-21,2011,12,21,0,0
"28-12-2011",27175,31254742725,1,1,1,4.59,4.59,4.59,0,0,0,2011-12-28,2011,12,28,0,0
"04-01-2012",27175,31254742725,7,5,5,31.92,4.56,4.56,0,0,0,2012-01-04,2012,1,4,0,0
